program
  declList
    decl
      varDecl
        type
    decl
      functionDefn
        type
        paramList
          param
            type
        stmtBlock
          stmtList
            stmt
              assignStmt
                designator
                expr0
                  expr1
                    expr2
                      expr3
                        literal
            stmt
              callStmt
                callExpr
                  exprList
                    expr0
                      expr1
                        expr2
                          expr3
                            designator
            stmt
              callStmt
                callExpr
                  exprList
    decl
      functionDefn
        type
        paramList
        stmtBlock
          stmtList
            stmt
              varDecl
                type
            stmt
              assignStmt
                designator
                expr0
                  expr1
                    expr2
                      expr3
                        literal
            stmt
              callStmt
                callExpr
                  exprList
                    expr0
                      expr1
                        expr2
                          expr3
                            designator
            stmt
              callStmt
                callExpr
                  exprList
    decl
      functionDefn
        type
        paramList
        stmtBlock
          stmtList
            stmt
              assignStmt
                designator
                expr0
                  expr1
                    expr2
                      expr3
                        literal
            stmt
              callStmt
                callExpr
                  exprList
                    expr0
                      expr1
                        expr2
                          expr3
                            designator
            stmt
              callStmt
                callExpr
                  exprList
            stmt
              callStmt
                callExpr
                  exprList
                    expr0
                      expr1
                        expr2
                          expr3
                            literal
            stmt
              callStmt
                callExpr
                  exprList
                    expr0
                      expr1
                        expr2
                          expr3
                            designator
            stmt
              callStmt
                callExpr
                  exprList
            stmt
              callStmt
                callExpr
                  exprList
            stmt
              callStmt
                callExpr
                  exprList
                    expr0
                      expr1
                        expr2
                          expr3
                            designator
            stmt
              callStmt
                callExpr
                  exprList
