program
  declList
    decl
      varDecl
        type
    decl
      arrayDecl
        type
    decl
      functionDefn
        type
        paramList
        stmtBlock
          stmtList
