program
  declList
    decl
      functionDefn
        type
        paramList
        stmtBlock
          stmtList
