program
  declList
    decl
      functionDefn
        type
        paramList
          param
            type
        stmtBlock
          stmtList
            stmt
              ifStmt
                expr0
                  expr1
                    expr2
                      expr3
                        expr0
                          expr1
                            expr2
                              expr3
                                designator
                          op0
                          expr1
                            expr2
                              expr3
                                literal
                stmtBlock
                  stmtList
                    stmt
                      callStmt
                        callExpr
                          exprList
                            expr0
                              expr1
                                expr1
                                  expr2
                                    expr3
                                      designator
                                op1
                                expr2
                                  expr3
                                    literal
            stmt
              callStmt
                callExpr
                  exprList
                    expr0
                      expr1
                        expr2
                          expr3
                            designator
            stmt
              callStmt
                callExpr
                  exprList
    decl
      functionDefn
        type
        paramList
        stmtBlock
          stmtList
            stmt
              callStmt
                callExpr
                  exprList
                    expr0
                      expr1
                        expr2
                          expr3
                            literal
