program
  declList
    decl
      arrayDecl
        type
    decl
      arrayDecl
        type
    decl
      functionDefn
        type
        paramList
        stmtBlock
          stmtList
            stmt
              assignStmt
                designator
                  expr0
                    expr1
                      expr2
                        expr3
                          literal
                expr0
                  expr1
                    expr2
                      expr3
                        literal
            stmt
              assignStmt
                designator
                  expr0
                    expr1
                      expr2
                        expr3
                          literal
                expr0
                  expr1
                    expr2
                      expr3
                        literal
            stmt
              assignStmt
                designator
                  expr0
                    expr1
                      expr2
                        expr3
                          literal
                expr0
                  expr1
                    expr2
                      expr3
                        literal
            stmt
              assignStmt
                designator
                  expr0
                    expr1
                      expr2
                        expr3
                          literal
                expr0
                  expr1
                    expr2
                      expr3
                        literal
            stmt
              assignStmt
                designator
                  expr0
                    expr1
                      expr2
                        expr3
                          literal
                expr0
                  expr1
                    expr2
                      expr3
                        literal
            stmt
              assignStmt
                designator
                  expr0
                    expr1
                      expr2
                        expr3
                          literal
                expr0
                  expr1
                    expr2
                      expr3
                        literal
            stmt
              assignStmt
                designator
                  expr0
                    expr1
                      expr2
                        expr3
                          literal
                expr0
                  expr1
                    expr2
                      expr3
                        literal
            stmt
              assignStmt
                designator
                  expr0
                    expr1
                      expr2
                        expr3
                          literal
                expr0
                  expr1
                    expr2
                      expr3
                        literal
            stmt
              assignStmt
                designator
                  expr0
                    expr1
                      expr2
                        expr3
                          literal
                expr0
                  expr1
                    expr2
                      expr3
                        literal
            stmt
              assignStmt
                designator
                  expr0
                    expr1
                      expr2
                        expr3
                          designator
                            expr0
                              expr1
                                expr2
                                  expr3
                                    literal
                expr0
                  expr1
                    expr2
                      expr3
                        designator
                          expr0
                            expr1
                              expr2
                                expr3
                                  designator
                                    expr0
                                      expr1
                                        expr2
                                          expr3
                                            literal
            stmt
              callStmt
                callExpr
                  exprList
                    expr0
                      expr1
                        expr2
                          expr3
                            designator
                              expr0
                                expr1
                                  expr2
                                    expr3
                                      literal
