
a;
main() {
  a = 9;
  loop {
    if ((a == 0)) {
      break;
    } else {
    }
    printInt(a);
    println();
    a = (a - 1);
  }
  printInt((0 - 5));
  printInt(a);
}

