
main() {
  a;
  a = 0;
  b;
  b = 0;
  loop {
    if ((a >= 3)) {
      break;
    } else {
    }
    if (true) {
      if (true) {
        loop {
          if ((b >= 3)) {
            break;
          } else {
          }
          printInt(5);
          b = (b + 1);
        }
      } else {
        printInt(5);
      }
    } else {
    }
    printInt(5);
    a = (a + 1);
  }
  printInt(5);
}

