
a;
main() {
  a = 20;
  loop {
    if ((a > 10)) {
      if ((a < 5)) {
        break;
      } else {
      }
      a = (a / (0 - 2));
      continue;
    } else {
    }
    a = (a - 4);
    if ((a < 5)) {
      break;
    } else {
    }
  }
}

