
garble(in, in2) {
  tmp;
  tmp = 0;
  count;
  count = 0;
  loop {
    if (((in == 0) && (in2 == 0))) {
      break;
    } else {
    }
    a;
    b;
    a = (in - ((in / 2) * 2));
    b = (in2 - ((in2 / 2) * 2));
    if (((a == 1) && (b == 0))) {
      tmp = ((tmp * 2) + 1);
    } else {
      if (((a == 0) && (b == 1))) {
        tmp = ((tmp * 2) + 1);
      } else {
        tmp = (tmp * 2);
      }
    }
    in = (in / 2);
    in2 = (in2 / 2);
    count = (count + 1);
  }
  out;
  out = 0;
  loop {
    if ((count == 0)) {
      break;
    } else {
    }
    out = ((out * 2) + (tmp - ((tmp / 2) * 2)));
    tmp = (tmp / 2);
    count = (count - 1);
  }
  return out;
}
main() {
  i;
  i = 0;
  loop {
    if ((i >= 40)) {
      break;
    } else {
    }
    tmp;
    tmp = readChar();
    printChar(garble(tmp, (7 + i)));
    i = (i + 1);
  }
}

